// Jest Snapshot v1, https://goo.gl/fbAQLP

exports[`matches snapshot 1`] = `
<div>
  <div>
    <h2>
      chojs
    </h2>
    <h2>
      isfj
    </h2>
    <h2>
      hellou
    </h2>
  </div>
</div>
`;
